---
source: crates/arbor-tui/src/tabs/agents.rs
assertion_line: 518
expression: output
---
┌Agents────────────────────────────────────────────────────────────────────────┐
│   project                  status                    branch                  │
│●  myapp                    working                   main                    │
└──────────────────────────────────────────────────────────────────────────────┘
┌Metadata──────────────────────────────────────────────────────────────────────┐
│branch           main                                                         │
│project          myapp                                                        │
│                                                                              │
│                                                                              │
│                                                                              │
│                                                                              │
│                                                                              │
│                                                                              │
│                                                                              │
│                                                                              │
│                                                                              │
│                                                                              │
│                                                                              │
│                                                                              │
└──────────────────────────────────────────────────────────────────────────────┘
