---
source: crates/arbor-tui/src/tabs/agents.rs
assertion_line: 577
expression: output
---
┌Agents────────────────────────────────────────────────────────────────────────┐
│   status                                                                     │
│●  working                                                                    │
└──────────────────────────────────────────────────────────────────────────────┘
┌Metadata──────────────────────────────────────────────────────────────────────┐
│Session          s1                                                           │
│CWD              /home/user/myapp                                             │
│State            working                                                      │
│                                                                              │
│                                                                              │
│                                                                              │
└──────────────────────────────────────────────────────────────────────────────┘
┌Terminal (i=input)────────────────────────────────────────────────────────────┐
│$ echo hello                                                                  │
│                                                                              │
│                                                                              │
│                                                                              │
│                                                                              │
│                                                                              │
└──────────────────────────────────────────────────────────────────────────────┘
