---
source: crates/arbor-tui/src/tabs/agents.rs
assertion_line: 564
expression: output
---
┌Agents────────────────────────────────────────────────────────────────────────────────────────────┐
│   status                          blocked_on                      ws_status                      │
│●  working                         review                          idle                           │
└──────────────────────────────────────────────────────────────────────────────────────────────────┘
┌Metadata──────────────────────────────────────────────────────────────────────────────────────────┐
│blocked_on       review                                                                           │
│ws_status        idle                                                                             │
│                                                                                                  │
│                                                                                                  │
│                                                                                                  │
│                                                                                                  │
│                                                                                                  │
│                                                                                                  │
│                                                                                                  │
│                                                                                                  │
│                                                                                                  │
│                                                                                                  │
│                                                                                                  │
│                                                                                                  │
└──────────────────────────────────────────────────────────────────────────────────────────────────┘
