---
source: crates/arbor-tui/src/tabs/agents.rs
assertion_line: 744
expression: output
---
Agents [t to expand]────────────────────────────────────────────────────────────
Metadata [m to expand]──────────────────────────────────────────────────────────
┌Terminal (i=input)────────────────────────────────────────────────────────────┐
│$ make build                                                                  │
│ok                                                                            │
│                                                                              │
│                                                                              │
│                                                                              │
│                                                                              │
│                                                                              │
│                                                                              │
│                                                                              │
│                                                                              │
│                                                                              │
│                                                                              │
│                                                                              │
│                                                                              │
│                                                                              │
│                                                                              │
└──────────────────────────────────────────────────────────────────────────────┘
