---
source: crates/arbor-tui/src/tabs/agents.rs
assertion_line: 718
expression: output
---
Agents [t to expand]────────────────────────────────────────────────────────────
┌Metadata──────────────────────────────────────────────────────────────────────┐
│branch           main                                                         │
│project          myapp                                                        │
│                                                                              │
│                                                                              │
│                                                                              │
│                                                                              │
│                                                                              │
│                                                                              │
│                                                                              │
│                                                                              │
│                                                                              │
│                                                                              │
│                                                                              │
│                                                                              │
│                                                                              │
│                                                                              │
│                                                                              │
└──────────────────────────────────────────────────────────────────────────────┘
