---
source: crates/arbor-tui/src/tabs/agents.rs
assertion_line: 539
expression: output
---
┌Agents────────────────────────────────────────────────────────────────────────┐
│   project                               status                               │
│●  alpha                                 working                              │
│○  beta                                  idle                                 │
└──────────────────────────────────────────────────────────────────────────────┘
┌Metadata──────────────────────────────────────────────────────────────────────┐
│project          alpha                                                        │
│                                                                              │
│                                                                              │
│                                                                              │
│                                                                              │
│                                                                              │
│                                                                              │
│                                                                              │
│                                                                              │
│                                                                              │
│                                                                              │
│                                                                              │
│                                                                              │
│                                                                              │
│                                                                              │
│                                                                              │
│                                                                              │
│                                                                              │
└──────────────────────────────────────────────────────────────────────────────┘
