---
source: crates/arbor-tui/src/tabs/agents.rs
assertion_line: 733
expression: output
---
┌Agents────────────────────────────────────────────────────────────────────────┐
│   project                               status                               │
│●  myapp                                 working                              │
└──────────────────────────────────────────────────────────────────────────────┘
Metadata [m to expand]──────────────────────────────────────────────────────────
